[dotenv@17.2.3] injecting env (24) from .env -- tip: ≡ƒöÉ encrypt with Dotenvx: https://dotenvx.com
--- Testing User Management ---
Fetching roles...
Roles: [ 'Admin', 'Doctor', 'Receptionist', 'Pharmacist', 'Lab Technician' ]
Fetching modules...
Modules Categories: [ 'Admin', 'Clinical', 'Finance', 'General', 'Inventory' ]
Creating user: test_admin_1770992669787
username: test_admin_1770992669787 string
hashedPassword: $2b$10$4aVdxZhhOBJIVvloEB0gt.E9XcwP1LWa71z1jJWDeK.In/mVunri2 string
role: Admin string
finalStaffId: null object
activeFullName: Test Admin User string
finalStaffName: null object
finalModulesStr: dashboard,users,logs string
User created with ID: 21
Fetching all users...
User found in list: test_admin_1770992669787
Updating user...
node : TEST FAILED MESSAGE: Bind parameters must not 
contain undefined. To pass SQL NULL specify JS null
At line:1 char:1
+ node test_new_modules.js > test_output.txt 2>&1
+ ~~~~~~~~~~~~~~~~~~~~~~~~~~~~~~~~~~~~~~~~~~~~~~~
    + CategoryInfo          : NotSpecified: (TEST FAILED  
   MES...specify JS null:String) [], RemoteException
    + FullyQualifiedErrorId : NativeCommandError
 
TEST FAILED FULL: Error: Bind parameters must not contain 
undefined. To pass SQL NULL specify JS null
    at PromisePool.execute (C:\Users\elang\.gemini\antigra
vity\scratch\hms-dashboard\server\node_modules\mysql2\lib\
promise\pool.js:54:22)
    at UserService.updateUser (C:\Users\elang\.gemini\anti
gravity\scratch\hms-dashboard\server\src\modules\user-mana
gement\user-management.service.js:123:18)
    at process.processTicksAndRejections 
(node:internal/process/task_queues:95:5)
    at async testUserManagement (C:\Users\elang\.gemini\an
tigravity\scratch\hms-dashboard\server\test_new_modules.js
:47:9) {
  code: undefined,
  errno: undefined,
  sql: undefined,
  sqlState: undefined,
  sqlMessage: undefined
}
